Generated 111312 ARM blocks, 547756 unique instruction slots; 41 explicit traps; 0 pending roots.
[0/2] Re-checking globbed directories...
[1/141] Building CXX object CMakeFiles/lego_generated.dir/generated/lego_registry.cpp.o
[2/141] Building CXX object CMakeFiles/lego_generated.dir/generated/lego_shard_00041.cpp.o
[3/141] Building CXX object CMakeFiles/lego_generated.dir/generated/lego_shard_00040.cpp.o
[4/141] Building CXX object CMakeFiles/lego_generated.dir/generated/lego_shard_00042.cpp.o
[5/141] Building CXX object CMakeFiles/lego_generated.dir/generated/lego_shard_0004D.cpp.o
[6/141] Building CXX object CMakeFiles/lego_generated.dir/generated/lego_shard_00043.cpp.o
[7/141] Building CXX object CMakeFiles/lego_generated.dir/generated/lego_shard_00050.cpp.o
[8/141] Building CXX object CMakeFiles/lego_generated.dir/generated/lego_shard_00045.cpp.o
[9/141] Building CXX object CMakeFiles/lego_generated.dir/generated/lego_shard_0004A.cpp.o
[10/141] Building CXX object CMakeFiles/lego_generated.dir/generated/lego_shard_00051.cpp.o
[11/141] Building CXX object CMakeFiles/lego_generated.dir/generated/lego_shard_00052.cpp.o
[12/141] Building CXX object CMakeFiles/lego_generated.dir/generated/lego_shard_00053.cpp.o
[13/141] Building CXX object CMakeFiles/lego_generated.dir/generated/lego_shard_00054.cpp.o
[14/141] Building CXX object CMakeFiles/lego_generated.dir/generated/lego_shard_00055.cpp.o
[15/141] Building CXX object CMakeFiles/lego_generated.dir/generated/lego_shard_00058.cpp.o
[16/141] Building CXX object CMakeFiles/lego_generated.dir/generated/lego_shard_00056.cpp.o
[17/141] Building CXX object CMakeFiles/lego_generated.dir/generated/lego_shard_00057.cpp.o
[18/141] Building CXX object CMakeFiles/lego_generated.dir/generated/lego_shard_00059.cpp.o
[19/141] Building CXX object CMakeFiles/lego_generated.dir/generated/lego_shard_0005A.cpp.o
[20/141] Building CXX object CMakeFiles/lego_generated.dir/generated/lego_shard_0005B.cpp.o
[21/141] Building CXX object CMakeFiles/lego_generated.dir/generated/lego_shard_0005C.cpp.o
[22/141] Building CXX object CMakeFiles/lego_generated.dir/generated/lego_shard_0005D.cpp.o
[23/141] Building CXX object CMakeFiles/lego_generated.dir/generated/lego_shard_0005E.cpp.o
[24/141] Building CXX object CMakeFiles/lego_generated.dir/generated/lego_shard_0005F.cpp.o
[25/141] Building CXX object CMakeFiles/lego_generated.dir/generated/lego_shard_00060.cpp.o
[26/141] Building CXX object CMakeFiles/lego_generated.dir/generated/lego_shard_00061.cpp.o
[27/141] Building CXX object CMakeFiles/lego_generated.dir/generated/lego_shard_00062.cpp.o
[28/141] Building CXX object CMakeFiles/lego_generated.dir/generated/lego_shard_00063.cpp.o
[29/141] Building CXX object CMakeFiles/lego_generated.dir/generated/lego_shard_00064.cpp.o
[30/141] Building CXX object CMakeFiles/lego_generated.dir/generated/lego_shard_00065.cpp.o
[31/141] Building CXX object CMakeFiles/lego_generated.dir/generated/lego_shard_00066.cpp.o
[32/141] Building CXX object CMakeFiles/lego_generated.dir/generated/lego_shard_00067.cpp.o
[33/141] Building CXX object CMakeFiles/lego_generated.dir/generated/lego_shard_00068.cpp.o
[34/141] Building CXX object CMakeFiles/lego_generated.dir/generated/lego_shard_00069.cpp.o
[35/141] Building CXX object CMakeFiles/lego_generated.dir/generated/lego_shard_0006B.cpp.o
[36/141] Building CXX object CMakeFiles/lego_generated.dir/generated/lego_shard_0006A.cpp.o
[37/141] Building CXX object CMakeFiles/lego_generated.dir/generated/lego_shard_0006C.cpp.o
[38/141] Building CXX object CMakeFiles/lego_generated.dir/generated/lego_shard_0006D.cpp.o
[39/141] Building CXX object CMakeFiles/lego_generated.dir/generated/lego_shard_0006E.cpp.o
[40/141] Building CXX object CMakeFiles/lego_generated.dir/generated/lego_shard_0006F.cpp.o
[41/141] Building CXX object CMakeFiles/lego_generated.dir/generated/lego_shard_00070.cpp.o
[42/141] Building CXX object CMakeFiles/lego_generated.dir/generated/lego_shard_00072.cpp.o
[43/141] Building CXX object CMakeFiles/lego_generated.dir/generated/lego_shard_00071.cpp.o
[44/141] Building CXX object CMakeFiles/lego_generated.dir/generated/lego_shard_00073.cpp.o
[45/141] Building CXX object CMakeFiles/lego_generated.dir/generated/lego_shard_00074.cpp.o
[46/141] Building CXX object CMakeFiles/lego_generated.dir/generated/lego_shard_00075.cpp.o
[47/141] Building CXX object CMakeFiles/lego_generated.dir/generated/lego_shard_00076.cpp.o
[48/141] Building CXX object CMakeFiles/lego_generated.dir/generated/lego_shard_00077.cpp.o
[49/141] Building CXX object CMakeFiles/lego_generated.dir/generated/lego_shard_00078.cpp.o
[50/141] Building CXX object CMakeFiles/lego_generated.dir/generated/lego_shard_00079.cpp.o
[51/141] Building CXX object CMakeFiles/lego_generated.dir/generated/lego_shard_0007A.cpp.o
[52/141] Building CXX object CMakeFiles/lego_generated.dir/generated/lego_shard_0007B.cpp.o
[53/141] Building CXX object CMakeFiles/lego_generated.dir/generated/lego_shard_0007C.cpp.o
[54/141] Building CXX object CMakeFiles/lego_generated.dir/generated/lego_shard_0007D.cpp.o
[55/141] Building CXX object CMakeFiles/lego_generated.dir/generated/lego_shard_0007E.cpp.o
[56/141] Building CXX object CMakeFiles/lego_generated.dir/generated/lego_shard_0007F.cpp.o
[57/141] Building CXX object CMakeFiles/lego_generated.dir/generated/lego_shard_00080.cpp.o
[58/141] Building CXX object CMakeFiles/lego_generated.dir/generated/lego_shard_00082.cpp.o
[59/141] Building CXX object CMakeFiles/lego_generated.dir/generated/lego_shard_00081.cpp.o
[60/141] Building CXX object CMakeFiles/lego_generated.dir/generated/lego_shard_00083.cpp.o
[61/141] Building CXX object CMakeFiles/lego_generated.dir/generated/lego_shard_00084.cpp.o
[62/141] Building CXX object CMakeFiles/lego_generated.dir/generated/lego_shard_00085.cpp.o
[63/141] Building CXX object CMakeFiles/lego_generated.dir/generated/lego_shard_00086.cpp.o
[64/141] Building CXX object CMakeFiles/lego_generated.dir/generated/lego_shard_00087.cpp.o
[65/141] Building CXX object CMakeFiles/lego_generated.dir/generated/lego_shard_00088.cpp.o
[66/141] Building CXX object CMakeFiles/lego_generated.dir/generated/lego_shard_00089.cpp.o
[67/141] Building CXX object CMakeFiles/lego_generated.dir/generated/lego_shard_0008A.cpp.o
[68/141] Building CXX object CMakeFiles/lego_generated.dir/generated/lego_shard_0008B.cpp.o
[69/141] Building CXX object CMakeFiles/lego_generated.dir/generated/lego_shard_0008C.cpp.o
[70/141] Building CXX object CMakeFiles/lego_generated.dir/generated/lego_shard_0008D.cpp.o
[71/141] Building CXX object CMakeFiles/lego_generated.dir/generated/lego_shard_0008E.cpp.o
[72/141] Building CXX object CMakeFiles/lego_generated.dir/generated/lego_shard_0008F.cpp.o
[73/141] Building CXX object CMakeFiles/lego_generated.dir/generated/lego_shard_00090.cpp.o
[74/141] Building CXX object CMakeFiles/lego_generated.dir/generated/lego_shard_00091.cpp.o
[75/141] Building CXX object CMakeFiles/lego_generated.dir/generated/lego_shard_00092.cpp.o
[76/141] Building CXX object CMakeFiles/lego_generated.dir/generated/lego_shard_00097.cpp.o
[77/141] Building CXX object CMakeFiles/lego_generated.dir/generated/lego_shard_00096.cpp.o
[78/141] Building CXX object CMakeFiles/lego_generated.dir/generated/lego_shard_00098.cpp.o
[79/141] Building CXX object CMakeFiles/lego_generated.dir/generated/lego_shard_00099.cpp.o
[80/141] Building CXX object CMakeFiles/lego_generated.dir/generated/lego_shard_0009A.cpp.o
[81/141] Building CXX object CMakeFiles/lego_generated.dir/generated/lego_shard_0009B.cpp.o
[82/141] Building CXX object CMakeFiles/lego_generated.dir/generated/lego_shard_0009C.cpp.o
[83/141] Building CXX object CMakeFiles/lego_generated.dir/generated/lego_shard_0009D.cpp.o
[84/141] Building CXX object CMakeFiles/lego_generated.dir/generated/lego_shard_0009E.cpp.o
[85/141] Building CXX object CMakeFiles/lego_generated.dir/generated/lego_shard_0009F.cpp.o
[86/141] Building CXX object CMakeFiles/lego_generated.dir/generated/lego_shard_000A0.cpp.o
[87/141] Building CXX object CMakeFiles/lego_generated.dir/generated/lego_shard_000A1.cpp.o
[88/141] Building CXX object CMakeFiles/lego_generated.dir/generated/lego_shard_000A2.cpp.o
[89/141] Building CXX object CMakeFiles/lego_generated.dir/generated/lego_shard_000A3.cpp.o
[90/141] Building CXX object CMakeFiles/lego_generated.dir/generated/lego_shard_000A4.cpp.o
[91/141] Building CXX object CMakeFiles/lego_generated.dir/generated/lego_shard_000A5.cpp.o
[92/141] Building CXX object CMakeFiles/lego_generated.dir/generated/lego_shard_000A6.cpp.o
[93/141] Building CXX object CMakeFiles/lego_generated.dir/generated/lego_shard_000A7.cpp.o
[94/141] Building CXX object CMakeFiles/lego_generated.dir/generated/lego_shard_000A8.cpp.o
[95/141] Building CXX object CMakeFiles/lego_generated.dir/generated/lego_shard_000A9.cpp.o
[96/141] Building CXX object CMakeFiles/lego_generated.dir/generated/lego_shard_000AA.cpp.o
[97/141] Building CXX object CMakeFiles/lego_generated.dir/generated/lego_shard_000AB.cpp.o
[98/141] Building CXX object CMakeFiles/lego_generated.dir/generated/lego_shard_000AC.cpp.o
[99/141] Building CXX object CMakeFiles/lego_generated.dir/generated/lego_shard_000AD.cpp.o
[100/141] Building CXX object CMakeFiles/lego_generated.dir/generated/lego_shard_000AF.cpp.o
[101/141] Building CXX object CMakeFiles/lego_generated.dir/generated/lego_shard_000AE.cpp.o
[102/141] Building CXX object CMakeFiles/lego_generated.dir/generated/lego_shard_000B0.cpp.o
[103/141] Building CXX object CMakeFiles/lego_generated.dir/generated/lego_shard_000B1.cpp.o
[104/141] Building CXX object CMakeFiles/lego_generated.dir/generated/lego_shard_000B2.cpp.o
[105/141] Building CXX object CMakeFiles/lego_generated.dir/generated/lego_shard_000B3.cpp.o
[106/141] Building CXX object CMakeFiles/lego_generated.dir/generated/lego_shard_000B4.cpp.o
[107/141] Building CXX object CMakeFiles/lego_generated.dir/generated/lego_shard_000B5.cpp.o
[108/141] Building CXX object CMakeFiles/lego_generated.dir/generated/lego_shard_000B6.cpp.o
[109/141] Building CXX object CMakeFiles/lego_generated.dir/generated/lego_shard_000B7.cpp.o
[110/141] Building CXX object CMakeFiles/lego_generated.dir/generated/lego_shard_000B8.cpp.o
[111/141] Building CXX object CMakeFiles/lego_generated.dir/generated/lego_shard_000B9.cpp.o
[112/141] Building CXX object CMakeFiles/lego_generated.dir/generated/lego_shard_000BB.cpp.o
[113/141] Building CXX object CMakeFiles/lego_generated.dir/generated/lego_shard_000BA.cpp.o
[114/141] Building CXX object CMakeFiles/lego_generated.dir/generated/lego_shard_000BC.cpp.o
[115/141] Building CXX object CMakeFiles/lego_generated.dir/generated/lego_shard_000BD.cpp.o
[116/141] Building CXX object CMakeFiles/lego_generated.dir/generated/lego_shard_000BF.cpp.o
[117/141] Building CXX object CMakeFiles/lego_generated.dir/generated/lego_shard_000BE.cpp.o
[118/141] Building CXX object CMakeFiles/lego_generated.dir/generated/lego_shard_000C1.cpp.o
[119/141] Building CXX object CMakeFiles/lego_generated.dir/generated/lego_shard_000C0.cpp.o
[120/141] Building CXX object CMakeFiles/lego_generated.dir/generated/lego_shard_000C2.cpp.o
[121/141] Building CXX object CMakeFiles/lego_generated.dir/generated/lego_shard_000C3.cpp.o
[122/141] Building CXX object CMakeFiles/lego_generated.dir/generated/lego_shard_000C4.cpp.o
[123/141] Building CXX object CMakeFiles/lego_generated.dir/generated/lego_shard_000C5.cpp.o
[124/141] Building CXX object CMakeFiles/lego_generated.dir/generated/lego_shard_000C6.cpp.o
[125/141] Building CXX object CMakeFiles/lego_generated.dir/generated/lego_shard_000C7.cpp.o
[126/141] Building CXX object CMakeFiles/lego_generated.dir/generated/lego_shard_000CA.cpp.o
[127/141] Building CXX object CMakeFiles/lego_generated.dir/generated/lego_shard_000C8.cpp.o
[128/141] Building CXX object CMakeFiles/lego_generated.dir/generated/lego_shard_000CB.cpp.o
[129/141] Building CXX object CMakeFiles/lego_generated.dir/generated/lego_shard_000CD.cpp.o
[130/141] Building CXX object CMakeFiles/lego_generated.dir/generated/lego_shard_000D0.cpp.o
[131/141] Building CXX object CMakeFiles/lego_generated.dir/generated/lego_shard_000CE.cpp.o
[132/141] Building CXX object CMakeFiles/lego_generated.dir/generated/lego_shard_000D1.cpp.o
[133/141] Building CXX object CMakeFiles/lego_generated.dir/generated/lego_shard_000D2.cpp.o
[134/141] Building CXX object CMakeFiles/lego_pica_render.dir/src/pica_renderer.cpp.o
[135/141] Linking CXX static library liblego_pica_render.a
[136/141] Building CXX object CMakeFiles/lego_generated.dir/generated/lego_shard_000D3.cpp.o
[137/141] Building CXX object CMakeFiles/lego_generated.dir/generated/lego_shard_000D5.cpp.o
[138/141] Building CXX object CMakeFiles/lego_generated.dir/generated/lego_shard_000D4.cpp.o
[139/141] Linking CXX static library liblego_generated.a
[140/141] Linking CXX executable bin/LEGOChaseNative
PASS: 364 native host handle/thread checks (ROM-free).
RUN 158: STOP run=3 exit=6 pc=0x0015330C detail=0x00000000 native A32 dispatch exited unexpectedly: kind=6 pc=0x0015330C detail=0 Initializers=296/296 blocks=9145070 threads=10 ticks=1735624228
RUN 159: STOP run=3 exit=6 pc=0x001534BC detail=0x00000000 native A32 dispatch exited unexpectedly: kind=6 pc=0x001534BC detail=0 Initializers=296/296 blocks=9147089 threads=10 ticks=1735624228
RUN 160: STOP run=3 exit=6 pc=0x0014F2F8 detail=0x00000000 native A32 dispatch exited unexpectedly: kind=6 pc=0x0014F2F8 detail=0 Initializers=296/296 blocks=9217763 threads=10 ticks=1735694228
RUN 161: STOP run=3 exit=6 pc=0x00153B20 detail=0x00000000 native A32 dispatch exited unexpectedly: kind=6 pc=0x00153B20 detail=0 Initializers=296/296 blocks=9217765 threads=10 ticks=1735694228